------------------------------------------------------------
Timing Analyzer Summary
------------------------------------------------------------

Type  : Slow 1100mV 85C Model Setup 'clk'
Slack : -5.099
TNS   : -179.568

Type  : Slow 1100mV 85C Model Hold 'clk'
Slack : 0.335
TNS   : 0.000

Type  : Slow 1100mV 85C Model Recovery 'clk'
Slack : -0.500
TNS   : -7.863

Type  : Slow 1100mV 85C Model Removal 'clk'
Slack : 0.557
TNS   : 0.000

Type  : Slow 1100mV 85C Model Minimum Pulse Width 'clk'
Slack : -0.394
TNS   : -32.167

Type  : Slow 1100mV 0C Model Setup 'clk'
Slack : -5.102
TNS   : -178.861

Type  : Slow 1100mV 0C Model Hold 'clk'
Slack : 0.317
TNS   : 0.000

Type  : Slow 1100mV 0C Model Recovery 'clk'
Slack : -0.439
TNS   : -6.551

Type  : Slow 1100mV 0C Model Removal 'clk'
Slack : 0.512
TNS   : 0.000

Type  : Slow 1100mV 0C Model Minimum Pulse Width 'clk'
Slack : -0.394
TNS   : -35.381

Type  : Fast 1100mV 85C Model Setup 'clk'
Slack : -2.457
TNS   : -81.617

Type  : Fast 1100mV 85C Model Hold 'clk'
Slack : 0.181
TNS   : 0.000

Type  : Fast 1100mV 85C Model Recovery 'clk'
Slack : 0.103
TNS   : 0.000

Type  : Fast 1100mV 85C Model Removal 'clk'
Slack : 0.293
TNS   : 0.000

Type  : Fast 1100mV 85C Model Minimum Pulse Width 'clk'
Slack : -0.086
TNS   : -5.081

Type  : Fast 1100mV 0C Model Setup 'clk'
Slack : -2.198
TNS   : -69.541

Type  : Fast 1100mV 0C Model Hold 'clk'
Slack : 0.173
TNS   : 0.000

Type  : Fast 1100mV 0C Model Recovery 'clk'
Slack : 0.183
TNS   : 0.000

Type  : Fast 1100mV 0C Model Removal 'clk'
Slack : 0.263
TNS   : 0.000

Type  : Fast 1100mV 0C Model Minimum Pulse Width 'clk'
Slack : -0.086
TNS   : -5.184

------------------------------------------------------------
