------------------------------------------------------------
Timing Analyzer Summary
------------------------------------------------------------

Type  : Slow 1100mV 85C Model Setup 'clk'
Slack : -2.412
TNS   : -68.244

Type  : Slow 1100mV 85C Model Hold 'clk'
Slack : 0.322
TNS   : 0.000

Type  : Slow 1100mV 85C Model Recovery 'clk'
Slack : -0.357
TNS   : -6.537

Type  : Slow 1100mV 85C Model Removal 'clk'
Slack : 0.551
TNS   : 0.000

Type  : Slow 1100mV 85C Model Minimum Pulse Width 'clk'
Slack : -0.394
TNS   : -17.662

Type  : Slow 1100mV 0C Model Setup 'clk'
Slack : -2.366
TNS   : -67.593

Type  : Slow 1100mV 0C Model Hold 'clk'
Slack : 0.305
TNS   : 0.000

Type  : Slow 1100mV 0C Model Recovery 'clk'
Slack : -0.302
TNS   : -5.220

Type  : Slow 1100mV 0C Model Removal 'clk'
Slack : 0.509
TNS   : 0.000

Type  : Slow 1100mV 0C Model Minimum Pulse Width 'clk'
Slack : -0.394
TNS   : -19.145

Type  : Fast 1100mV 85C Model Setup 'clk'
Slack : -0.978
TNS   : -25.656

Type  : Fast 1100mV 85C Model Hold 'clk'
Slack : 0.183
TNS   : 0.000

Type  : Fast 1100mV 85C Model Recovery 'clk'
Slack : 0.217
TNS   : 0.000

Type  : Fast 1100mV 85C Model Removal 'clk'
Slack : 0.291
TNS   : 0.000

Type  : Fast 1100mV 85C Model Minimum Pulse Width 'clk'
Slack : -0.088
TNS   : -2.876

Type  : Fast 1100mV 0C Model Setup 'clk'
Slack : -0.825
TNS   : -21.540

Type  : Fast 1100mV 0C Model Hold 'clk'
Slack : 0.169
TNS   : 0.000

Type  : Fast 1100mV 0C Model Recovery 'clk'
Slack : 0.275
TNS   : 0.000

Type  : Fast 1100mV 0C Model Removal 'clk'
Slack : 0.266
TNS   : 0.000

Type  : Fast 1100mV 0C Model Minimum Pulse Width 'clk'
Slack : -0.085
TNS   : -2.818

------------------------------------------------------------
